// Jest Snapshot v1, https://goo.gl/fbAQLP

exports[`floating menu 1`] = `
<DocumentFragment>
  <div
    class="landing-page container mt-2"
    data-testid="landing-page"
  >
    <h1
      data-testid="app-name"
    >
      Mobi Wallet
    </h1>
    <div
      class="profile"
    >
      <div
        class="profile-details"
      >
        <h3
          data-testid="user-name"
        >
          John Doe
        </h3>
        <div
          class="circle app-bg-accent"
        />
      </div>
      <div
        class="default-currency"
      >
        <div
          aria-expanded="false"
          class="MuiAutocomplete-root my-2 w-100 px-0 MuiAutocomplete-hasClearIcon MuiAutocomplete-hasPopupIcon"
          data-testid="default-currency"
          role="combobox"
        >
          <div
            class="MuiFormControl-root MuiTextField-root MuiFormControl-fullWidth"
          >
            <label
              class="MuiFormLabel-root MuiInputLabel-root MuiInputLabel-formControl MuiInputLabel-animated MuiInputLabel-shrink MuiFormLabel-filled"
              data-shrink="true"
              for="mui-9912"
              id="mui-9912-label"
            >
              Default Currency
            </label>
            <div
              class="MuiInputBase-root MuiInput-root MuiInput-underline MuiAutocomplete-inputRoot MuiInputBase-fullWidth MuiInput-fullWidth MuiInputBase-formControl MuiInput-formControl MuiInputBase-adornedEnd"
            >
              <input
                aria-autocomplete="list"
                aria-invalid="false"
                autocapitalize="none"
                autocomplete="off"
                class="MuiInputBase-input MuiInput-input MuiAutocomplete-input MuiAutocomplete-inputFocused MuiInputBase-inputAdornedEnd"
                id="mui-9912"
                spellcheck="false"
                type="text"
                value="USD"
              />
              <div
                class="MuiAutocomplete-endAdornment"
              >
                <button
                  aria-label="Clear"
                  class="MuiButtonBase-root MuiIconButton-root MuiAutocomplete-clearIndicator MuiAutocomplete-clearIndicatorDirty"
                  tabindex="-1"
                  title="Clear"
                  type="button"
                >
                  <span
                    class="MuiIconButton-label"
                  >
                    <svg
                      aria-hidden="true"
                      class="MuiSvgIcon-root MuiSvgIcon-fontSizeSmall"
                      focusable="false"
                      viewBox="0 0 24 24"
                    >
                      <path
                        d="M19 6.41L17.59 5 12 10.59 6.41 5 5 6.41 10.59 12 5 17.59 6.41 19 12 13.41 17.59 19 19 17.59 13.41 12z"
                      />
                    </svg>
                  </span>
                  <span
                    class="MuiTouchRipple-root"
                  />
                </button>
                <button
                  aria-label="Open"
                  class="MuiButtonBase-root MuiIconButton-root MuiAutocomplete-popupIndicator"
                  tabindex="-1"
                  title="Open"
                  type="button"
                >
                  <span
                    class="MuiIconButton-label"
                  >
                    <svg
                      aria-hidden="true"
                      class="MuiSvgIcon-root"
                      focusable="false"
                      viewBox="0 0 24 24"
                    >
                      <path
                        d="M7 10l5 5 5-5z"
                      />
                    </svg>
                  </span>
                  <span
                    class="MuiTouchRipple-root"
                  />
                </button>
              </div>
            </div>
          </div>
        </div>
      </div>
    </div>
    <div
      class="totalized"
    >
      <p
        data-testid="totallised-value-label"
      >
        Totalised value
      </p>
      <h1
        data-testid="totallised-value-details"
      >
        USD 754.62
      </h1>
    </div>
    <div
      class="currencies"
      data-testid="currency-cards"
    >
      <div
        class="currency-card app-bg-primary app-clr-white"
      >
        <div
          class="close-btn"
        >
          Close
        </div>
        <div
          class="metal-plate app-bg-accent"
        >
          <div
            class="line"
          />
          <div
            class="line"
          />
          <div
            class="line"
          />
        </div>
        <div
          class="details"
        >
          <div
            class="labels"
            data-testid="labels"
          >
            <p
              class=""
            >
              Currency:
            </p>
            <h3
              class=""
            >
              Balance:
            </h3>
          </div>
          <div
            class="values"
          >
            <p
              class=""
              data-testid="card-units"
            >
              EUR
            </p>
            <h3
              class=""
              data-testid="card-amount"
            >
              500
            </h3>
          </div>
        </div>
        <div
          class="buttons"
          data-testid="card-buttons"
        >
          <button
            class="app-button app-bg-white app-clr-accent"
            data-testid="app-button"
            type="button"
          >
            Deposit
          </button>
          <button
            class="app-button app-bg-white app-clr-black"
            data-testid="app-button"
            type="button"
          >
            Exchange
          </button>
        </div>
      </div>
      <div
        class="currency-card app-bg-primary app-clr-white"
      >
        <div
          class="close-btn"
        >
          Close
        </div>
        <div
          class="metal-plate app-bg-accent"
        >
          <div
            class="line"
          />
          <div
            class="line"
          />
          <div
            class="line"
          />
        </div>
        <div
          class="details"
        >
          <div
            class="labels"
            data-testid="labels"
          >
            <p
              class=""
            >
              Currency:
            </p>
            <h3
              class=""
            >
              Balance:
            </h3>
          </div>
          <div
            class="values"
          >
            <p
              class=""
              data-testid="card-units"
            >
              USD
            </p>
            <h3
              class=""
              data-testid="card-amount"
            >
              100
            </h3>
          </div>
        </div>
        <div
          class="buttons"
          data-testid="card-buttons"
        >
          <button
            class="app-button app-bg-white app-clr-accent"
            data-testid="app-button"
            type="button"
          >
            Deposit
          </button>
          <button
            class="app-button app-bg-white app-clr-black"
            data-testid="app-button"
            type="button"
          >
            Exchange
          </button>
        </div>
      </div>
      <div
        class="currency-card app-bg-primary app-clr-white"
      >
        <div
          class="close-btn"
        >
          Close
        </div>
        <div
          class="metal-plate app-bg-accent"
        >
          <div
            class="line"
          />
          <div
            class="line"
          />
          <div
            class="line"
          />
        </div>
        <div
          class="details"
        >
          <div
            class="labels"
            data-testid="labels"
          >
            <p
              class=""
            >
              Currency:
            </p>
            <h3
              class=""
            >
              Balance:
            </h3>
          </div>
          <div
            class="values"
          >
            <p
              class=""
              data-testid="card-units"
            >
              CHF
            </p>
            <h3
              class=""
              data-testid="card-amount"
            >
              30
            </h3>
          </div>
        </div>
        <div
          class="buttons"
          data-testid="card-buttons"
        >
          <button
            class="app-button app-bg-white app-clr-accent"
            data-testid="app-button"
            type="button"
          >
            Deposit
          </button>
          <button
            class="app-button app-bg-white app-clr-black"
            data-testid="app-button"
            type="button"
          >
            Exchange
          </button>
        </div>
      </div>
      <div
        class="currency-card app-bg-primary app-clr-white"
      >
        <div
          class="close-btn"
        >
          Close
        </div>
        <div
          class="metal-plate app-bg-accent"
        >
          <div
            class="line"
          />
          <div
            class="line"
          />
          <div
            class="line"
          />
        </div>
        <div
          class="details"
        >
          <div
            class="labels"
            data-testid="labels"
          >
            <p
              class=""
            >
              Currency:
            </p>
            <h3
              class=""
            >
              Balance:
            </h3>
          </div>
          <div
            class="values"
          >
            <p
              class=""
              data-testid="card-units"
            >
              UGX
            </p>
            <h3
              class=""
              data-testid="card-amount"
            >
              20
            </h3>
          </div>
        </div>
        <div
          class="buttons"
          data-testid="card-buttons"
        >
          <button
            class="app-button app-bg-white app-clr-accent"
            data-testid="app-button"
            type="button"
          >
            Deposit
          </button>
          <button
            class="app-button app-bg-white app-clr-black"
            data-testid="app-button"
            type="button"
          >
            Exchange
          </button>
        </div>
      </div>
      <div
        class="currency-card app-bg-primary app-clr-white"
      >
        <div
          class="close-btn"
        >
          Close
        </div>
        <div
          class="metal-plate app-bg-accent"
        >
          <div
            class="line"
          />
          <div
            class="line"
          />
          <div
            class="line"
          />
        </div>
        <div
          class="details"
        >
          <div
            class="labels"
            data-testid="labels"
          >
            <p
              class=""
            >
              Currency:
            </p>
            <h3
              class=""
            >
              Balance:
            </h3>
          </div>
          <div
            class="values"
          >
            <p
              class=""
              data-testid="card-units"
            >
              KES
            </p>
            <h3
              class=""
              data-testid="card-amount"
            >
              50
            </h3>
          </div>
        </div>
        <div
          class="buttons"
          data-testid="card-buttons"
        >
          <button
            class="app-button app-bg-white app-clr-accent"
            data-testid="app-button"
            type="button"
          >
            Deposit
          </button>
          <button
            class="app-button app-bg-white app-clr-black"
            data-testid="app-button"
            type="button"
          >
            Exchange
          </button>
        </div>
      </div>
    </div>
    <div
      class="floating-menu"
      data-testid="floating-menu-list"
    >
      <div
        class="menu-items"
      >
        <div
          class="item"
          data-testid="floating-menu-list-item-0"
        >
          <p>
            Transaction History
          </p>
          <div
            class="circle"
          />
        </div>
        <div
          class="item"
          data-testid="floating-menu-list-item-1"
        >
          <p>
            Add New Currency
          </p>
          <div
            class="circle"
          />
        </div>
      </div>
      <div
        class="circle menu-toggle"
        data-testid="floating-menu-list-toggle"
      />
    </div>
  </div>
</DocumentFragment>
`;
